// Jest Snapshot v1, https://goo.gl/fbAQLP

exports[`Component Loads Correctly with Children should render correctly in "debug" mode 1`] = `ShallowWrapper {}`;
